// Jest Snapshot v1, https://goo.gl/fbAQLP

exports[`should render ExpenseSummary with two expenses 1`] = `
<div>
  <p>
    Viewing 
    2
     
    expenses
     totalling 
    $94.34
     
  </p>
</div>
`;
